72.37.129.167 - - [06/Apr/2016:22:31:32 -0600] "GET / HTTP/1.1" 200 2205 "-" "Mozilla/5.0 (Macintosh; Intel Mac OS X 10.10; rv:45.0) Gecko/20100101 Firefox/45.0"
72.37.129.167 - - [06/Apr/2016:22:31:33 -0600] "GET /favicon.ico HTTP/1.1" 200 408 "-" "Mozilla/5.0 (Macintosh; Intel Mac OS X 10.10; rv:45.0) Gecko/20100101 Firefox/45.0"
72.37.129.167 - - [06/Apr/2016:22:37:36 -0600] "GET / HTTP/1.1" 200 2205 "-" "Mozilla/5.0 (Macintosh; Intel Mac OS X 10.10; rv:45.0) Gecko/20100101 Firefox/45.0"
72.37.129.167 - - [06/Apr/2016:22:37:38 -0600] "GET / HTTP/1.1" 200 2205 "-" "Mozilla/5.0 (Macintosh; Intel Mac OS X 10.10; rv:45.0) Gecko/20100101 Firefox/45.0"
199.30.228.143 - - [07/Apr/2016:04:10:30 -0600] "GET / HTTP/1.1" 200 2205 "-" "Mozilla/5.0 (Macintosh; U; Intel Mac OS X 10.5; en-US; rv:1.9.2.13) Gecko/20101203 Firefox/3.6.13 GTB7.1"
86.126.97.83 - - [07/Apr/2016:07:11:07 -0600] "GET / HTTP/1.1" 200 2207 "https://www.google.com" "Mozilla/5.0 (Windows NT 6.1; WOW64; rv:44.0) Gecko/20100101 Firefox/44.0"
198.101.238.203 - - [07/Apr/2016:19:00:50 -0600] "GET / HTTP/1.1" 200 2207 "-" "Mozilla/5.0 (Windows NT 6.1; WOW64) AppleWebKit/534.24 (KHTML, like Gecko) Chrome/11.0.696.71 Safari/534.24"
166.78.181.113 - - [07/Apr/2016:20:51:20 -0600] "GET / HTTP/1.1" 200 2205 "-" "Mozilla/5.0 (Windows NT 6.1; WOW64) AppleWebKit/534.24 (KHTML, like Gecko) Chrome/11.0.696.71 Safari/534.24"
193.201.227.66 - - [07/Apr/2016:22:05:42 -0600] "GET /wp-login.php HTTP/1.1" 406 395 "-" "Mozilla/4.0 (compatible; Synapse)"
193.201.227.66 - - [07/Apr/2016:22:05:42 -0600] "GET /administrator/index.php HTTP/1.1" 404 2664 "-" "Mozilla/4.0 (compatible; Synapse)"
162.244.33.8 - - [07/Apr/2016:23:50:29 -0600] "GET / HTTP/1.1" 200 6018 "https://mawords.com/riversroom.com" "Mozilla/5.0 (Windows NT 5.1; rv:33.0) Gecko/20100101 Firefox/33.0"
178.79.129.178 - - [08/Apr/2016:00:40:09 -0600] "GET / HTTP/1.1" 200 2205 "-" "Mozilla/5.0 (Macintosh; Intel Mac OS X 10_11_0) AppleWebKit/537.36 (KHTML, like Gecko) Chrome/46.0.2490.80 Safari/537.36"
178.79.129.178 - - [08/Apr/2016:00:40:11 -0600] "GET / HTTP/1.1" 200 6018 "-" "Mozilla/5.0 (Macintosh; Intel Mac OS X 10_11_0) AppleWebKit/537.36 (KHTML, like Gecko) Chrome/46.0.2490.80 Safari/537.36"
218.241.108.158 - - [08/Apr/2016:02:21:57 -0600] "GET / HTTP/1.1" 200 6022 "-" "Mozilla/5.0 (Linux; U; Android 2.2; en-us; Nexus One Build/FRF91) AppleWebKit/533.1 (KHTML, like Gecko) Version/4.0 Mobile Safari/533.1"
180.76.15.163 - - [08/Apr/2016:02:43:48 -0600] "GET /robots.txt HTTP/1.1" 404 1322 "-" "Mozilla/5.0 (Windows NT 5.1; rv:6.0.2) Gecko/20100101 Firefox/6.0.2"
180.76.15.24 - - [08/Apr/2016:02:47:32 -0600] "GET / HTTP/1.1" 200 2205 "-" "Mozilla/5.0 (compatible; Baiduspider/2.0; +http://www.baidu.com/search/spider.html)"
50.117.89.108 - - [08/Apr/2016:03:18:29 -0600] "GET / HTTP/1.1" 200 6022 "-" "Mozilla/4.0 (compatible; MSIE 8.0; Windows NT 6.0)"
207.46.13.70 - - [08/Apr/2016:04:30:18 -0600] "GET /robots.txt HTTP/1.1" 404 2664 "-" "Mozilla/5.0 (compatible; bingbot/2.0; +http://www.bing.com/bingbot.htm)"
207.46.13.70 - - [08/Apr/2016:04:30:23 -0600] "GET /?pid=27076505 HTTP/1.1" 200 2219 "-" "Mozilla/5.0 (compatible; bingbot/2.0; +http://www.bing.com/bingbot.htm)"
45.56.114.181 - - [08/Apr/2016:05:57:16 -0600] "GET / HTTP/1.1" 200 2205 "-" "python-requests/2.5.3 CPython/2.7.3 Linux/4.1.5-x86_64-linode61"
218.241.108.158 - - [08/Apr/2016:08:13:28 -0600] "GET / HTTP/1.1" 200 6024 "-" "Mozilla/5.0 (Linux; U; Android 2.2; en-us; Nexus One Build/FRF91) AppleWebKit/533.1 (KHTML, like Gecko) Version/4.0 Mobile Safari/533.1"
82.166.219.211 - - [08/Apr/2016:10:56:05 -0600] "HEAD / HTTP/1.1" 200 159 "-" "-"
82.166.219.211 - - [08/Apr/2016:10:56:06 -0600] "HEAD /wp/ HTTP/1.1" 404 168 "-" "-"
82.166.219.211 - - [08/Apr/2016:10:56:06 -0600] "HEAD /wordpress/ HTTP/1.1" 404 168 "-" "-"
82.166.219.211 - - [08/Apr/2016:10:56:07 -0600] "HEAD /blog/ HTTP/1.1" 404 168 "-" "-"
82.166.219.211 - - [08/Apr/2016:10:56:07 -0600] "HEAD /blogs/ HTTP/1.1" 404 168 "-" "-"
82.235.56.238 - - [08/Apr/2016:11:37:03 -0600] "GET / HTTP/1.1" 200 2205 "" "-"
82.235.56.238 - - [08/Apr/2016:11:38:49 -0600] "HEAD / HTTP/1.1" 200 205 "" "Mozilla/5.0 (Macintosh; Intel Mac OS X 10.7; rv:14.0) Gecko/20100101 Firefox/14.0.1"
82.235.56.238 - - [08/Apr/2016:11:38:50 -0600] "GET / HTTP/1.1" 200 6018 "-" "-"
208.184.112.74 - - [08/Apr/2016:11:39:21 -0600] "GET / HTTP/1.1" 200 6024 "http://www.bing.com" "Mozilla/5.0 (compatible; MSIE 8.0; Windows NT 6.1; Trident/4.0; .NET CLR 2.0.50727; .NET CLR 3.5.30729; .NET CLR 3.0.30729; .NET CLR 1.0.3705; .NET CLR 1.1.4322)"
5.135.158.101 - - [08/Apr/2016:11:58:05 -0600] "GET / HTTP/1.1" 200 6024 "http://riversroom.com/" "Mozilla/5.0 (compatible; MSIE 10.0; Windows NT 6.1; Trident/6.0)"
150.70.173.57 - - [08/Apr/2016:12:00:40 -0600] "GET / HTTP/1.1" 200 5999 "-" "Mozilla/4.0 (compatible; MSIE 8.0; Windows NT 5.1; Trident/4.0)"
65.19.167.131 - - [08/Apr/2016:12:35:18 -0600] "GET / HTTP/1.1" 200 6018 "-" "Mozilla/4.0 (compatible; MSIE 6.0; Windows NT 5.1; SV1; .NET CLR 2.0.50727)"
193.201.227.66 - - [08/Apr/2016:13:19:26 -0600] "GET /wp-login.php HTTP/1.1" 406 395 "-" "Mozilla/4.0 (compatible; Synapse)"
193.201.227.66 - - [08/Apr/2016:13:19:26 -0600] "GET /administrator/index.php HTTP/1.1" 404 2664 "-" "Mozilla/4.0 (compatible; Synapse)"
178.205.255.190 - - [08/Apr/2016:14:19:42 -0600] "GET /wp-login.php HTTP/1.1" 406 395 "-" "Mozilla/5.0 (Windows NT 6.1; rv:19.0) Gecko/20100101 Firefox/19.0"
178.205.255.190 - - [08/Apr/2016:14:19:43 -0600] "GET /administrator/index.php HTTP/1.1" 404 2664 "-" "Mozilla/5.0 (Windows NT 6.1; rv:19.0) Gecko/20100101 Firefox/19.0"
178.205.255.190 - - [08/Apr/2016:14:19:43 -0600] "GET /admin.php HTTP/1.1" 404 2664 "-" "Mozilla/5.0 (Windows NT 6.1; rv:19.0) Gecko/20100101 Firefox/19.0"
178.205.255.190 - - [08/Apr/2016:14:19:44 -0600] "GET /admin/index.php HTTP/1.1" 404 2664 "-" "Mozilla/5.0 (Windows NT 6.1; rv:19.0) Gecko/20100101 Firefox/19.0"
178.205.255.190 - - [08/Apr/2016:14:19:44 -0600] "GET /typo3/index.php HTTP/1.1" 404 2664 "-" "Mozilla/5.0 (Windows NT 6.1; rv:19.0) Gecko/20100101 Firefox/19.0"
31.168.69.220 - - [08/Apr/2016:15:29:01 -0600] "HEAD / HTTP/1.1" 200 181 "-" "-"
31.168.69.220 - - [08/Apr/2016:15:29:01 -0600] "HEAD /wp/ HTTP/1.1" 404 168 "-" "-"
31.168.69.220 - - [08/Apr/2016:15:29:02 -0600] "HEAD /wordpress/ HTTP/1.1" 404 168 "-" "-"
31.168.69.220 - - [08/Apr/2016:15:29:02 -0600] "HEAD /blog/ HTTP/1.1" 404 168 "-" "-"
31.168.69.220 - - [08/Apr/2016:15:29:03 -0600] "HEAD /blogs/ HTTP/1.1" 404 168 "-" "-"
66.249.69.126 - - [08/Apr/2016:15:35:10 -0600] "GET /robots.txt HTTP/1.1" 404 1322 "-" "Mozilla/5.0 (compatible; Googlebot/2.1; +http://www.google.com/bot.html)"
66.249.91.61 - - [08/Apr/2016:15:35:11 -0600] "GET /parked/start/riversroom.com// HTTP/1.1" 404 1322 "-" "AdsBot-Google (+http://www.google.com/adsbot.html)"
187.11.237.2 - - [08/Apr/2016:19:32:36 -0600] "HEAD / HTTP/1.1" 200 159 "-" "-"
187.11.237.2 - - [08/Apr/2016:19:32:36 -0600] "HEAD /wp/ HTTP/1.1" 404 168 "-" "-"
187.11.237.2 - - [08/Apr/2016:19:32:37 -0600] "HEAD /wordpress/ HTTP/1.1" 404 168 "-" "-"
187.11.237.2 - - [08/Apr/2016:19:32:37 -0600] "HEAD /blog/ HTTP/1.1" 404 168 "-" "-"
187.11.237.2 - - [08/Apr/2016:19:32:38 -0600] "HEAD /blogs/ HTTP/1.1" 404 168 "-" "-"
91.121.83.118 - - [08/Apr/2016:20:30:55 -0600] "GET / HTTP/1.1" 200 2205 "-" "Mozilla/5.0 (Windows NT 6.3; Win64; x64) AppleWebKit/537.36 (KHTML, like Gecko) Chrome/37.0.2049.0 Safari/537.36"
104.130.230.54 - - [08/Apr/2016:21:49:28 -0600] "GET / HTTP/1.1" 200 6024 "https://www.google.com/" "Mozilla/4.0 (compatible; MSIE 6.01; Windows NT 6.0)"
212.199.76.7 - - [09/Apr/2016:00:50:48 -0600] "HEAD / HTTP/1.1" 200 159 "-" "-"
212.199.76.7 - - [09/Apr/2016:00:50:49 -0600] "HEAD /wp/ HTTP/1.1" 404 168 "-" "-"
212.199.76.7 - - [09/Apr/2016:00:50:49 -0600] "HEAD /wordpress/ HTTP/1.1" 404 168 "-" "-"
212.199.76.7 - - [09/Apr/2016:00:50:50 -0600] "HEAD /blog/ HTTP/1.1" 404 168 "-" "-"
212.199.76.7 - - [09/Apr/2016:00:50:51 -0600] "HEAD /blogs/ HTTP/1.1" 404 168 "-" "-"
158.69.228.18 - - [09/Apr/2016:01:45:40 -0600] "GET / HTTP/1.1" 200 6003 "-" "Mozilla/5.0 (Windows NT 5.1; rv:15.0) Gecko/20100101 Firefox/15.0.1"
123.125.71.112 - - [09/Apr/2016:03:09:37 -0600] "GET /robots.txt HTTP/1.1" 404 1322 "-" "Mozilla/5.0 (compatible; Baiduspider/2.0; +http://www.baidu.com/search/spider.html)"
199.30.228.152 - - [09/Apr/2016:04:09:40 -0600] "GET / HTTP/1.1" 200 2205 "-" "Mozilla/5.0 (Macintosh; U; Intel Mac OS X 10.5; en-US; rv:1.9.2.13) Gecko/20101203 Firefox/3.6.13 GTB7.1"
198.186.192.44 - - [09/Apr/2016:04:45:09 -0600] "GET / HTTP/1.1" 200 6022 "-" "-"
66.249.69.3 - - [09/Apr/2016:05:10:38 -0600] "GET /robots.txt HTTP/1.1" 404 1322 "-" "Mozilla/5.0 (compatible; Googlebot/2.1; +http://www.google.com/bot.html)"
66.249.69.115 - - [09/Apr/2016:05:10:39 -0600] "GET / HTTP/1.1" 200 2205 "-" "Mozilla/5.0 (compatible; Googlebot/2.1; +http://www.google.com/bot.html)"
82.166.219.211 - - [09/Apr/2016:05:34:49 -0600] "HEAD / HTTP/1.1" 200 159 "-" "-"
82.166.219.211 - - [09/Apr/2016:05:34:50 -0600] "HEAD /wp/ HTTP/1.1" 404 168 "-" "-"
82.166.219.211 - - [09/Apr/2016:05:34:50 -0600] "HEAD /wordpress/ HTTP/1.1" 404 168 "-" "-"
82.166.219.211 - - [09/Apr/2016:05:34:51 -0600] "HEAD /blog/ HTTP/1.1" 404 168 "-" "-"
82.166.219.211 - - [09/Apr/2016:05:34:51 -0600] "HEAD /blogs/ HTTP/1.1" 404 168 "-" "-"
91.210.146.225 - - [09/Apr/2016:06:19:02 -0600] "GET /wp-login.php HTTP/1.1" 404 2664 "http://riversroom.com/wp-login.php" "Mozilla/5.0 (Windows NT 6.1; WOW64) AppleWebKit/537.36 (KHTML, like Gecko) Chrome/31.0.1650.57 Safari/537.36"
91.210.146.225 - - [09/Apr/2016:06:19:03 -0600] "GET /administrator/ HTTP/1.1" 404 2664 "http://riversroom.com/administrator/" "Mozilla/5.0 (Windows NT 6.1; WOW64) AppleWebKit/537.36 (KHTML, like Gecko) Chrome/31.0.1650.57 Safari/537.36"
66.249.91.61 - - [09/Apr/2016:06:26:41 -0600] "GET /parked/start/riversroom.com// HTTP/1.1" 404 1322 "-" "AdsBot-Google (+http://www.google.com/adsbot.html)"
59.61.184.227 - - [09/Apr/2016:09:38:56 -0600] "GET / HTTP/1.1" 200 6028 "-" "Mozilla/5.0 (Windows NT 6.1; WOW64) AppleWebKit/537.1 (KHTML, like Gecko) Chrome/21.0.1180.89 Safari/537.1"
31.168.69.220 - - [09/Apr/2016:12:29:29 -0600] "HEAD / HTTP/1.1" 200 159 "-" "-"
31.168.69.220 - - [09/Apr/2016:12:29:30 -0600] "HEAD /wp/ HTTP/1.1" 404 168 "-" "-"
31.168.69.220 - - [09/Apr/2016:12:29:30 -0600] "HEAD /wordpress/ HTTP/1.1" 404 168 "-" "-"
31.168.69.220 - - [09/Apr/2016:12:29:31 -0600] "HEAD /blog/ HTTP/1.1" 404 168 "-" "-"
31.168.69.220 - - [09/Apr/2016:12:29:31 -0600] "HEAD /blogs/ HTTP/1.1" 404 168 "-" "-"
192.99.150.120 - - [09/Apr/2016:13:16:45 -0600] "GET / HTTP/1.1" 200 2205 "-" "Mozilla/5.0 (compatible; DomainSONOCrawler/0.1; +http://domainsono.com)"
192.99.150.120 - - [09/Apr/2016:13:17:43 -0600] "GET / HTTP/1.1" 200 2243 "-" "Mozilla/5.0 (compatible; DomainSONOCrawler/0.1; +http://domainsono.com)"
192.99.150.120 - - [09/Apr/2016:13:17:44 -0600] "GET /robots.txt HTTP/1.1" 404 1360 "-" "Mozilla/5.0 (X11; Linux x86_64; rv:28.0) Gecko/20100101  Firefox/28.0"
66.249.69.115 - - [09/Apr/2016:14:02:24 -0600] "GET /js/gmo_header.js.php?gmo_header_shop_id=PA01127021&sso_url=http%3A%2F%2Friversroom.com%2F&pid=&easy=&sso= HTTP/1.1" 404 1322 "-" "Mozilla/5.0 (compatible; Googlebot/2.1; +http://www.google.com/bot.html)"
66.249.69.115 - - [09/Apr/2016:14:02:24 -0600] "GET /img/new/icons20.gif HTTP/1.1" 404 1322 "-" "Mozilla/5.0 (compatible; Googlebot/2.1; +http://www.google.com/bot.html)"
66.249.69.115 - - [09/Apr/2016:14:02:26 -0600] "GET /img/new/icons34.gif HTTP/1.1" 404 1322 "-" "Mozilla/5.0 (compatible; Googlebot/2.1; +http://www.google.com/bot.html)"
66.249.69.115 - - [09/Apr/2016:14:02:27 -0600] "GET /userdata/PA01127/021/css/8/top.css HTTP/1.1" 404 1322 "-" "Mozilla/5.0 (compatible; Googlebot/2.1; +http://www.google.com/bot.html)"
66.249.69.115 - - [09/Apr/2016:14:02:28 -0600] "GET /js/cart.js HTTP/1.1" 404 1322 "-" "Mozilla/5.0 (compatible; Googlebot/2.1; +http://www.google.com/bot.html)"
66.249.69.115 - - [09/Apr/2016:14:02:28 -0600] "GET /userdata/PA01127/021/css/8/index.css HTTP/1.1" 404 1322 "-" "Mozilla/5.0 (compatible; Googlebot/2.1; +http://www.google.com/bot.html)"
66.249.69.115 - - [09/Apr/2016:14:02:29 -0600] "GET /css/gmo_header.css.php?tmpl_mid=20 HTTP/1.1" 404 1322 "-" "Mozilla/5.0 (compatible; Googlebot/2.1; +http://www.google.com/bot.html)"
66.249.69.126 - - [09/Apr/2016:14:40:22 -0600] "GET /?mode=cate&cbid=946269&csid=1&sort=n HTTP/1.1" 200 2234 "-" "Mozilla/5.0 (compatible; Googlebot/2.1; +http://www.google.com/bot.html)"
82.166.219.211 - - [09/Apr/2016:16:53:36 -0600] "HEAD / HTTP/1.1" 200 159 "-" "-"
82.166.219.211 - - [09/Apr/2016:16:53:36 -0600] "HEAD /wp/ HTTP/1.1" 404 168 "-" "-"
82.166.219.211 - - [09/Apr/2016:16:53:37 -0600] "HEAD /wordpress/ HTTP/1.1" 404 168 "-" "-"
82.166.219.211 - - [09/Apr/2016:16:53:38 -0600] "HEAD /blog/ HTTP/1.1" 404 168 "-" "-"
82.166.219.211 - - [09/Apr/2016:16:53:38 -0600] "HEAD /blogs/ HTTP/1.1" 404 168 "-" "-"
199.16.196.176 - - [09/Apr/2016:16:53:47 -0600] "GET / HTTP/1.1" 200 6018 "-" "Wget/1.15 (linux-gnu)"
66.249.69.115 - - [09/Apr/2016:18:37:53 -0600] "GET /robots.txt HTTP/1.1" 404 1322 "-" "Mozilla/5.0 (compatible; Googlebot/2.1; +http://www.google.com/bot.html)"
66.249.69.3 - - [09/Apr/2016:18:37:53 -0600] "GET /?mode=cate&cbid=949434&csid=0&sort=p HTTP/1.1" 200 2235 "-" "Mozilla/5.0 (compatible; Googlebot/2.1; +http://www.google.com/bot.html)"
66.249.91.61 - - [09/Apr/2016:20:03:31 -0600] "GET /parked/start/riversroom.com// HTTP/1.1" 404 1322 "-" "AdsBot-Google (+http://www.google.com/adsbot.html)"
66.249.69.115 - - [09/Apr/2016:20:42:57 -0600] "GET /?pid=30244327 HTTP/1.1" 200 2217 "-" "Mozilla/5.0 (compatible; Googlebot/2.1; +http://www.google.com/bot.html)"
5.39.80.97 - - [09/Apr/2016:20:44:00 -0600] "GET / HTTP/1.1" 200 6024 "-" "Mozilla/5.0 (Windows; U; Windows NT 6.1; en-GB; rv:1.9.2.28) Gecko/20120306 Firefox/3.6.28"
212.199.76.7 - - [09/Apr/2016:22:24:15 -0600] "HEAD / HTTP/1.1" 200 159 "-" "-"
212.199.76.7 - - [09/Apr/2016:22:24:16 -0600] "HEAD /wp/ HTTP/1.1" 404 168 "-" "-"
212.199.76.7 - - [09/Apr/2016:22:24:16 -0600] "HEAD /wordpress/ HTTP/1.1" 404 168 "-" "-"
212.199.76.7 - - [09/Apr/2016:22:24:17 -0600] "HEAD /blog/ HTTP/1.1" 404 168 "-" "-"
212.199.76.7 - - [09/Apr/2016:22:24:18 -0600] "HEAD /blogs/ HTTP/1.1" 404 168 "-" "-"
66.249.69.3 - - [09/Apr/2016:22:53:30 -0600] "GET / HTTP/1.1" 200 2205 "-" "Mozilla/5.0 (iPhone; CPU iPhone OS 8_3 like Mac OS X) AppleWebKit/600.1.4 (KHTML, like Gecko) Version/8.0 Mobile/12F70 Safari/600.1.4 (compatible; Googlebot/2.1; +http://www.google.com/bot.html)"
31.168.69.220 - - [10/Apr/2016:03:04:42 -0600] "HEAD / HTTP/1.1" 200 159 "-" "-"
31.168.69.220 - - [10/Apr/2016:03:04:42 -0600] "HEAD /wp/ HTTP/1.1" 404 168 "-" "-"
31.168.69.220 - - [10/Apr/2016:03:04:43 -0600] "HEAD /wordpress/ HTTP/1.1" 404 168 "-" "-"
31.168.69.220 - - [10/Apr/2016:03:04:43 -0600] "HEAD /blog/ HTTP/1.1" 404 168 "-" "-"
31.168.69.220 - - [10/Apr/2016:03:04:44 -0600] "HEAD /blogs/ HTTP/1.1" 404 168 "-" "-"
198.186.192.44 - - [10/Apr/2016:04:41:57 -0600] "GET / HTTP/1.1" 200 6028 "-" "-"
66.249.69.123 - - [10/Apr/2016:04:54:09 -0600] "GET /robots.txt HTTP/1.1" 404 1322 "-" "Mozilla/5.0 (compatible; Googlebot/2.1; +http://www.google.com/bot.html)"
66.249.69.4 - - [10/Apr/2016:04:54:09 -0600] "GET / HTTP/1.1" 200 2207 "-" "Mozilla/5.0 (compatible; Googlebot/2.1; +http://www.google.com/bot.html)"
31.168.69.220 - - [10/Apr/2016:07:45:35 -0600] "HEAD / HTTP/1.1" 200 159 "-" "-"
31.168.69.220 - - [10/Apr/2016:07:45:36 -0600] "HEAD /wp/ HTTP/1.1" 404 168 "-" "-"
31.168.69.220 - - [10/Apr/2016:07:45:36 -0600] "HEAD /wordpress/ HTTP/1.1" 404 168 "-" "-"
31.168.69.220 - - [10/Apr/2016:07:45:37 -0600] "HEAD /blog/ HTTP/1.1" 404 168 "-" "-"
31.168.69.220 - - [10/Apr/2016:07:45:37 -0600] "HEAD /blogs/ HTTP/1.1" 404 168 "-" "-"
198.186.192.44 - - [10/Apr/2016:12:41:27 -0600] "GET / HTTP/1.1" 200 6022 "-" "-"
192.99.150.120 - - [10/Apr/2016:14:11:06 -0600] "GET / HTTP/1.1" 200 2205 "-" "Mozilla/5.0 (compatible; DomainSONOCrawler/0.1; +http://domainsono.com)"
66.249.69.115 - - [10/Apr/2016:16:03:27 -0600] "GET /robots.txt HTTP/1.1" 404 1322 "-" "Mozilla/5.0 (compatible; Googlebot/2.1; +http://www.google.com/bot.html)"
66.249.69.3 - - [10/Apr/2016:16:03:28 -0600] "GET /?mode=cate&cbid=946269&csid=1&ss=d3b7a160f02933083bddbe56d0885b92&cc=O5cjEOhurcf90FWjqNu4nspWOJfcJD%2BgX9xIAm35l3ohxAZ6VTMkRcUTqsY9pNcQU0V18%2BeSUik%3D&cn=e79986ea9ffd8491dfa02958441d85a1 HTTP/1.1" 200 2370 "-" "SAMSUNG-SGH-E250/1.0 Profile/MIDP-2.0 Configuration/CLDC-1.1 UP.Browser/6.2.3.3.c.1.101 (GUI) MMP/2.0 (compatible; Googlebot-Mobile/2.1; +http://www.google.com/bot.html)"
46.185.121.173 - - [10/Apr/2016:16:52:57 -0600] "GET /admin.php HTTP/1.1" 404 2664 "-" "Opera/9.80 (Windows NT 6.1; U; ru) Presto/2.8.131 Version/11.10"
46.185.121.173 - - [10/Apr/2016:16:52:57 -0600] "GET /administrator/index.php HTTP/1.1" 404 2664 "-" "Opera/9.80 (Windows NT 6.1; U; ru) Presto/2.8.131 Version/11.10"
46.185.121.173 - - [10/Apr/2016:16:52:58 -0600] "GET /wp-login.php HTTP/1.1" 404 2664 "-" "Opera/9.80 (Windows NT 6.1; U; ru) Presto/2.8.131 Version/11.10"
66.249.69.115 - - [10/Apr/2016:17:04:51 -0600] "GET / HTTP/1.1" 200 2205 "-" "SAMSUNG-SGH-E250/1.0 Profile/MIDP-2.0 Configuration/CLDC-1.1 UP.Browser/6.2.3.3.c.1.101 (GUI) MMP/2.0 (compatible; Googlebot-Mobile/2.1; +http://www.google.com/bot.html)"
66.249.69.3 - - [10/Apr/2016:18:07:19 -0600] "GET / HTTP/1.1" 200 2205 "-" "DoCoMo/2.0 N905i(c100;TB;W24H16) (compatible; Googlebot-Mobile/2.1; +http://www.google.com/bot.html)"
66.249.69.123 - - [10/Apr/2016:18:58:06 -0600] "GET /robots.txt HTTP/1.1" 404 1322 "-" "Mozilla/5.0 (compatible; Googlebot/2.1; +http://www.google.com/bot.html)"
66.249.91.61 - - [10/Apr/2016:22:22:48 -0600] "GET /parked/start/riversroom.com// HTTP/1.1" 404 1322 "-" "AdsBot-Google (+http://www.google.com/adsbot.html)"
86.106.23.116 - - [11/Apr/2016:06:31:10 -0600] "GET /favicon.ico HTTP/1.1" 200 408 "-" "python-requests/1.2.3 CPython/2.7.8 Windows/7"
66.249.69.115 - - [11/Apr/2016:11:27:46 -0600] "GET /robots.txt HTTP/1.1" 404 1322 "-" "Mozilla/5.0 (compatible; Googlebot/2.1; +http://www.google.com/bot.html)"
66.249.91.61 - - [11/Apr/2016:11:27:47 -0600] "GET /parked/start/riversroom.com// HTTP/1.1" 404 1322 "-" "AdsBot-Google (+http://www.google.com/adsbot.html)"
198.186.192.44 - - [11/Apr/2016:12:40:50 -0600] "GET / HTTP/1.1" 200 6022 "-" "-"
66.249.69.126 - - [11/Apr/2016:14:49:27 -0600] "GET / HTTP/1.1" 200 2205 "-" "Mozilla/5.0 (compatible; Googlebot/2.1; +http://www.google.com/bot.html)"
66.249.69.3 - - [11/Apr/2016:14:52:27 -0600] "GET /?mode=members&ss=d3b7a160f02933083bddbe56d0885b92&cc=O5cjEOhurcf90FWjqNu4nspWOJfcJD%2BgX9xIAm35l3ohxAZ6VTMkRcUTqsY9pNcQU0V18%2BeSUik%3D&cn=e79986ea9ffd8491dfa02958441d85a1 HTTP/1.1" 200 2357 "-" "SAMSUNG-SGH-E250/1.0 Profile/MIDP-2.0 Configuration/CLDC-1.1 UP.Browser/6.2.3.3.c.1.101 (GUI) MMP/2.0 (compatible; Googlebot-Mobile/2.1; +http://www.google.com/bot.html)"
66.249.69.126 - - [11/Apr/2016:15:17:39 -0600] "GET /?mode=clst&ss=1a7cb11aec5bd8d7d1b1d54a035b2732&cc=X6%2F15ehnNML562XcXYMmRQivmUz5LfGluw9Zfe59WH4gC7aIojZd9HHToWNEoH557kqrD1Prwck%3D&cn=811e2a530b879d2e2c712dfe3edf992b HTTP/1.1" 200 2349 "-" "SAMSUNG-SGH-E250/1.0 Profile/MIDP-2.0 Configuration/CLDC-1.1 UP.Browser/6.2.3.3.c.1.101 (GUI) MMP/2.0 (compatible; Googlebot-Mobile/2.1; +http://www.google.com/bot.html)"
66.249.69.3 - - [11/Apr/2016:15:25:29 -0600] "GET /?mode=cate&cbid=946734&csid=0&ss=9eb4037a064f988f1c72f500339511ec&cc=dGBett11kjQsmbCmrXI3pw5PddyBsiKva%2FI%2BpebAfmznNnU0Xnb0NoRjeShguZz%2FpRmAkObaHAE%3D&cn=2f2a9f0a520738aa4f3b69c4a1dc4b1a HTTP/1.1" 200 2403 "-" "SAMSUNG-SGH-E250/1.0 Profile/MIDP-2.0 Configuration/CLDC-1.1 UP.Browser/6.2.3.3.c.1.101 (GUI) MMP/2.0 (compatible; Googlebot-Mobile/2.1; +http://www.google.com/bot.html)"
66.249.69.3 - - [11/Apr/2016:15:33:41 -0600] "GET /?mode=cate&cbid=949434&csid=1&ss=947acaa78ab543f91fe54b2aa8275839&cc=mgKTlmVBXFvGJA%2BxgKUjqBW%2BGw4iYH1blpLD0sh%2Bev1g6ZrWGB0e7g%2FvV5Ju2UDLKKK3u9iKCXA%3D&cn=bbf45b7fc6250437e249e367c47502bf HTTP/1.1" 200 2370 "-" "SAMSUNG-SGH-E250/1.0 Profile/MIDP-2.0 Configuration/CLDC-1.1 UP.Browser/6.2.3.3.c.1.101 (GUI) MMP/2.0 (compatible; Googlebot-Mobile/2.1; +http://www.google.com/bot.html)"
66.249.69.126 - - [11/Apr/2016:15:42:10 -0600] "GET /?mode=pay&ss=c57ba8dbefa3d2710bceb77046f215fb&cc=8RNOg3SPHhke%2FUWULPBN6LNo0d%2BLVldn9qEC%2BFIGmz9nU6s2Le1N2Rk%2BIdFHShbdam3bEjwfMVs%3D&cn=eeb2b135d590b6b2186c1d73cb96fb95 HTTP/1.1" 200 2355 "-" "SAMSUNG-SGH-E250/1.0 Profile/MIDP-2.0 Configuration/CLDC-1.1 UP.Browser/6.2.3.3.c.1.101 (GUI) MMP/2.0 (compatible; Googlebot-Mobile/2.1; +http://www.google.com/bot.html)"
180.76.15.160 - - [11/Apr/2016:15:52:24 -0600] "GET / HTTP/1.1" 200 2205 "-" "Mozilla/5.0 (compatible; Baiduspider/2.0; +http://www.baidu.com/search/spider.html)"
66.249.69.4 - - [11/Apr/2016:22:46:50 -0600] "GET /robots.txt HTTP/1.1" 404 1322 "-" "Mozilla/5.0 (compatible; Googlebot/2.1; +http://www.google.com/bot.html)"
66.249.69.116 - - [11/Apr/2016:22:46:50 -0600] "GET / HTTP/1.1" 200 2207 "-" "Mozilla/5.0 (compatible; Googlebot/2.1; +http://www.google.com/bot.html)"
66.249.69.3 - - [12/Apr/2016:00:03:14 -0600] "GET /robots.txt HTTP/1.1" 404 1322 "-" "Mozilla/5.0 (compatible; Googlebot/2.1; +http://www.google.com/bot.html)"
66.249.91.59 - - [12/Apr/2016:00:03:14 -0600] "GET /parked/start/riversroom.com// HTTP/1.1" 404 1322 "-" "AdsBot-Google (+http://www.google.com/adsbot.html)"
66.249.69.3 - - [12/Apr/2016:03:57:48 -0600] "GET /?pid=30244327 HTTP/1.1" 200 2217 "-" "Mozilla/5.0 (compatible; Googlebot/2.1; +http://www.google.com/bot.html)"
122.177.162.193 - - [12/Apr/2016:05:26:39 -0600] "HEAD / HTTP/1.1" 200 159 "http://1019stonehollowway.com" "Mozilla/5.0 (Windows; U; MSIE 9.0; Windows NT 9.0; en-US)"
122.177.162.193 - - [12/Apr/2016:05:26:40 -0600] "GET / HTTP/1.1" 200 6018 "http://1019stonehollowway.com" "Mozilla/5.0 (Windows; U; MSIE 9.0; Windows NT 9.0; en-US)"
66.249.69.115 - - [12/Apr/2016:09:06:25 -0600] "GET /?mode=cate&cbid=946269&csid=1&sort=n HTTP/1.1" 200 2234 "-" "Mozilla/5.0 (compatible; Googlebot/2.1; +http://www.google.com/bot.html)"
66.249.69.3 - - [12/Apr/2016:12:30:31 -0600] "GET /robots.txt HTTP/1.1" 404 1322 "-" "Mozilla/5.0 (compatible; Googlebot/2.1; +http://www.google.com/bot.html)"
66.249.91.61 - - [12/Apr/2016:12:30:32 -0600] "GET /parked/start/riversroom.com// HTTP/1.1" 404 1322 "-" "AdsBot-Google (+http://www.google.com/adsbot.html)"
66.249.69.126 - - [12/Apr/2016:14:22:58 -0600] "GET / HTTP/1.1" 200 2205 "-" "Mozilla/5.0 (compatible; Googlebot/2.1; +http://www.google.com/bot.html)"
66.249.69.116 - - [12/Apr/2016:17:24:06 -0600] "GET /robots.txt HTTP/1.1" 404 1322 "-" "Mozilla/5.0 (compatible; Googlebot/2.1; +http://www.google.com/bot.html)"
66.249.69.116 - - [12/Apr/2016:17:24:07 -0600] "GET / HTTP/1.1" 200 2207 "-" "Mozilla/5.0 (compatible; Googlebot/2.1; +http://www.google.com/bot.html)"
66.249.69.3 - - [13/Apr/2016:06:23:51 -0600] "GET /robots.txt HTTP/1.1" 404 1322 "-" "Mozilla/5.0 (compatible; Googlebot/2.1; +http://www.google.com/bot.html)"
66.249.69.115 - - [13/Apr/2016:06:23:52 -0600] "GET / HTTP/1.1" 200 2205 "-" "Mozilla/5.0 (compatible; Googlebot/2.1; +http://www.google.com/bot.html)"
192.99.150.120 - - [13/Apr/2016:09:09:39 -0600] "GET / HTTP/1.1" 200 2205 "-" "Mozilla/5.0 (compatible; DomainSONOCrawler/0.1; +http://domainsono.com)"
180.76.15.150 - - [13/Apr/2016:09:43:21 -0600] "GET /robots.txt HTTP/1.1" 404 1322 "-" "Mozilla/5.0 (Windows NT 5.1; rv:6.0.2) Gecko/20100101 Firefox/6.0.2"
180.76.15.161 - - [13/Apr/2016:09:43:54 -0600] "GET / HTTP/1.1" 200 2205 "-" "Mozilla/5.0 (compatible; Baiduspider/2.0; +http://www.baidu.com/search/spider.html)"
66.249.69.116 - - [13/Apr/2016:10:58:13 -0600] "GET /robots.txt HTTP/1.1" 404 1322 "-" "Mozilla/5.0 (compatible; Googlebot/2.1; +http://www.google.com/bot.html)"
66.249.69.4 - - [13/Apr/2016:11:01:49 -0600] "GET / HTTP/1.1" 200 2207 "-" "Mozilla/5.0 (compatible; Googlebot/2.1; +http://www.google.com/bot.html)"
59.61.185.36 - - [13/Apr/2016:12:47:38 -0600] "GET / HTTP/1.1" 200 6028 "-" "Mozilla/5.0 (Windows NT 6.1; WOW64) AppleWebKit/537.1 (KHTML, like Gecko) Chrome/21.0.1180.89 Safari/537.1"
123.125.71.75 - - [13/Apr/2016:13:27:00 -0600] "GET / HTTP/1.1" 200 2205 "-" "Mozilla/5.0 (compatible; Baiduspider/2.0; +http://www.baidu.com/search/spider.html)"
66.249.91.59 - - [13/Apr/2016:14:11:09 -0600] "GET /parked/start/riversroom.com// HTTP/1.1" 404 1322 "-" "AdsBot-Google (+http://www.google.com/adsbot.html)"
91.210.146.229 - - [13/Apr/2016:17:20:31 -0600] "GET /wp-login.php HTTP/1.1" 403 314 "http://riversroom.com/wp-login.php" "Mozilla/5.0 (Windows NT 6.1; WOW64) AppleWebKit/537.36 (KHTML, like Gecko) Chrome/31.0.1650.57 Safari/537.36"
91.210.146.229 - - [13/Apr/2016:17:20:31 -0600] "GET /administrator/ HTTP/1.1" 403 314 "http://riversroom.com/administrator/" "Mozilla/5.0 (Windows NT 6.1; WOW64) AppleWebKit/537.36 (KHTML, like Gecko) Chrome/31.0.1650.57 Safari/537.36"
66.249.69.115 - - [13/Apr/2016:18:22:26 -0600] "GET / HTTP/1.1" 200 2205 "-" "Mozilla/5.0 (compatible; Googlebot/2.1; +http://www.google.com/bot.html)"
206.183.1.74 - - [13/Apr/2016:19:12:51 -0600] "GET /robots.txt HTTP/1.1" 404 1322 "-" "Mozilla/4.0 (compatible; http://search.thunderstone.com/texis/websearch/about.html)"
206.183.1.74 - - [13/Apr/2016:19:12:51 -0600] "GET / HTTP/1.1" 200 2207 "-" "Mozilla/4.0 (compatible; http://search.thunderstone.com/texis/websearch/about.html)"
66.249.69.116 - - [13/Apr/2016:20:21:20 -0600] "GET / HTTP/1.1" 200 2207 "-" "Mozilla/5.0 (compatible; Googlebot/2.1; +http://www.google.com/bot.html)"
66.249.69.3 - - [13/Apr/2016:20:50:50 -0600] "GET /robots.txt HTTP/1.1" 404 1322 "-" "Mozilla/5.0 (compatible; Googlebot/2.1; +http://www.google.com/bot.html)"
66.249.69.3 - - [13/Apr/2016:20:50:50 -0600] "GET /?pid=26951953 HTTP/1.1" 200 2218 "-" "Mozilla/5.0 (compatible; Googlebot/2.1; +http://www.google.com/bot.html)"
69.58.178.58 - - [14/Apr/2016:04:34:26 -0600] "GET /robots.txt HTTP/1.1" 404 2664 "-" "Mozilla/5.0 (X11; Ubuntu; Linux i686; rv:14.0; ips-agent) Gecko/20100101 Firefox/14.0.1"
69.58.178.58 - - [14/Apr/2016:04:34:27 -0600] "GET / HTTP/1.1" 200 6022 "-" "Mozilla/5.0 (X11; Ubuntu; Linux i686; rv:14.0; ips-agent) Gecko/20100101 Firefox/14.0.1"
66.249.69.115 - - [14/Apr/2016:10:31:47 -0600] "GET /robots.txt HTTP/1.1" 404 1322 "-" "Mozilla/5.0 (compatible; Googlebot/2.1; +http://www.google.com/bot.html)"
66.249.69.3 - - [14/Apr/2016:10:31:48 -0600] "GET / HTTP/1.1" 200 2205 "-" "Mozilla/5.0 (compatible; Googlebot/2.1; +http://www.google.com/bot.html)"
66.249.69.116 - - [14/Apr/2016:10:37:00 -0600] "GET /robots.txt HTTP/1.1" 404 1322 "-" "Mozilla/5.0 (compatible; Googlebot/2.1; +http://www.google.com/bot.html)"
66.249.69.123 - - [14/Apr/2016:10:37:00 -0600] "GET / HTTP/1.1" 200 2207 "-" "Mozilla/5.0 (compatible; Googlebot/2.1; +http://www.google.com/bot.html)"
91.210.145.61 - - [14/Apr/2016:11:15:21 -0600] "GET /wp-login.php HTTP/1.1" 403 313 "http://riversroom.com/wp-login.php" "Mozilla/5.0 (Windows NT 6.1; WOW64) AppleWebKit/537.36 (KHTML, like Gecko) Chrome/31.0.1650.57 Safari/537.36"
66.249.69.126 - - [14/Apr/2016:11:40:21 -0600] "GET / HTTP/1.1" 200 2205 "-" "Mozilla/5.0 (compatible; Googlebot/2.1; +http://www.google.com/bot.html)"
66.249.69.115 - - [14/Apr/2016:13:07:49 -0600] "GET / HTTP/1.1" 200 2205 "-" "Mozilla/5.0 (compatible; Googlebot/2.1; +http://www.google.com/bot.html)"
66.249.69.123 - - [14/Apr/2016:13:44:31 -0600] "GET /robots.txt HTTP/1.1" 200 5513 "-" "Mozilla/5.0 (compatible; Googlebot/2.1; +http://www.google.com/bot.html)"
66.249.91.6 - - [14/Apr/2016:13:44:32 -0600] "GET /apple-app-site-association HTTP/1.1" 404 5565 "-" "Mozilla/5.0 (iPhone; CPU iPhone OS 9_1 like Mac OS X) AppleWebKit/601.1.46 (KHTML, like Gecko) Version/9.0 Mobile/13B143 Safari/601.1 (compatible; AdsBot-Google-Mobile; +http://www.google.com/mobile/adsbot.html)"
66.249.69.116 - - [14/Apr/2016:14:06:48 -0600] "GET / HTTP/1.1" 200 2207 "-" "Mozilla/5.0 (compatible; Googlebot/2.1; +http://www.google.com/bot.html)"
66.249.69.3 - - [14/Apr/2016:15:06:29 -0600] "GET /?mode=cate&cbid=949434&csid=1&ss=b3889237a3969129c64d0b3d75989cf6&cc=z4y%2FEE23m01RMQOWOVFDOROGlUzB%2Bstgp%2Beft4UdnQJON4HTjJvAAnSd5tXd%2F%2FWAgwVReJ%2BuMEU%3D&cn=29a925b84c6a2e76d73828fc1bbb1e42 HTTP/1.1" 200 2373 "-" "DoCoMo/2.0 N905i(c100;TB;W24H16) (compatible; Googlebot-Mobile/2.1; +http://www.google.com/bot.html)"
109.162.124.163 - - [14/Apr/2016:16:11:01 -0600] "GET /admin.php HTTP/1.1" 404 2664 "-" "Opera/9.80 (Windows NT 6.1; U; ru) Presto/2.8.131 Version/11.10"
109.162.124.163 - - [14/Apr/2016:16:11:02 -0600] "GET /administrator/index.php HTTP/1.1" 404 2664 "-" "Opera/9.80 (Windows NT 6.1; U; ru) Presto/2.8.131 Version/11.10"
109.162.124.163 - - [14/Apr/2016:16:11:02 -0600] "GET /wp-login.php HTTP/1.1" 404 2664 "-" "Opera/9.80 (Windows NT 6.1; U; ru) Presto/2.8.131 Version/11.10"
66.249.69.126 - - [14/Apr/2016:16:51:28 -0600] "GET / HTTP/1.1" 200 2205 "-" "Mozilla/5.0 (compatible; Googlebot/2.1; +http://www.google.com/bot.html)"
66.249.69.116 - - [14/Apr/2016:18:09:22 -0600] "GET / HTTP/1.1" 200 2207 "-" "Mozilla/5.0 (compatible; Googlebot/2.1; +http://www.google.com/bot.html)"
66.249.69.3 - - [14/Apr/2016:20:16:41 -0600] "GET /?pid=30244327 HTTP/1.1" 200 2217 "-" "Mozilla/5.0 (compatible; Googlebot/2.1; +http://www.google.com/bot.html)"
38.99.82.191 - - [14/Apr/2016:21:06:50 -0600] "GET /robots.txt HTTP/1.1" 406 395 "-" "Mozilla/5.0"
38.99.82.191 - - [14/Apr/2016:21:07:09 -0600] "GET / HTTP/1.1" 200 2207 "-" "Mozilla/5.0 (X11; U; Linux x86_64; en-US) AppleWebKit/533.3 (KHTML, like Gecko) Qt/4.7.1 Safari/533.3"
66.249.69.115 - - [14/Apr/2016:21:36:19 -0600] "GET / HTTP/1.1" 200 2205 "-" "Mozilla/5.0 (compatible; Googlebot/2.1; +http://www.google.com/bot.html)"
66.249.69.4 - - [14/Apr/2016:21:42:40 -0600] "GET / HTTP/1.1" 200 2207 "-" "Mozilla/5.0 (compatible; Googlebot/2.1; +http://www.google.com/bot.html)"
38.99.82.191 - - [14/Apr/2016:21:57:03 -0600] "GET /robots.txt HTTP/1.1" 406 395 "-" "Mozilla/5.0"
38.99.82.191 - - [14/Apr/2016:21:57:04 -0600] "GET / HTTP/1.1" 200 2207 "-" "Mozilla/5.0 (X11; U; Linux x86_64; en-US) AppleWebKit/533.3 (KHTML, like Gecko) Qt/4.7.1 Safari/533.3"
38.99.82.191 - - [14/Apr/2016:22:54:59 -0600] "GET /robots.txt HTTP/1.1" 406 395 "-" "Mozilla/5.0"
38.99.82.191 - - [14/Apr/2016:22:55:00 -0600] "GET / HTTP/1.1" 200 2207 "-" "Mozilla/5.0 (X11; U; Linux x86_64; en-US) AppleWebKit/533.3 (KHTML, like Gecko) Qt/4.7.1 Safari/533.3"
66.249.69.116 - - [15/Apr/2016:00:00:07 -0600] "GET /robots.txt HTTP/1.1" 404 1322 "-" "Mozilla/5.0 (compatible; Googlebot/2.1; +http://www.google.com/bot.html)"
66.249.69.116 - - [15/Apr/2016:00:00:31 -0600] "GET / HTTP/1.1" 200 2207 "-" "Mozilla/5.0 (compatible; Googlebot/2.1; +http://www.google.com/bot.html)"
66.249.69.3 - - [15/Apr/2016:01:24:02 -0600] "GET /robots.txt HTTP/1.1" 404 1322 "-" "Mozilla/5.0 (compatible; Googlebot/2.1; +http://www.google.com/bot.html)"
66.249.69.115 - - [15/Apr/2016:01:24:02 -0600] "GET / HTTP/1.1" 200 2205 "-" "Mozilla/5.0 (compatible; Googlebot/2.1; +http://www.google.com/bot.html)"
66.249.69.115 - - [15/Apr/2016:02:57:55 -0600] "GET /?mode=cate&cbid=946269&csid=1&sort=n HTTP/1.1" 200 2234 "-" "Mozilla/5.0 (compatible; Googlebot/2.1; +http://www.google.com/bot.html)"
158.69.228.18 - - [15/Apr/2016:03:29:36 -0600] "GET / HTTP/1.1" 200 6022 "-" "Mozilla/5.0 (Macintosh; Intel Mac OS X 10.6; rv:25.0) Gecko/20100101 Firefox/25.0"
83.221.210.31 - - [15/Apr/2016:03:41:21 -0600] "GET / HTTP/1.1" 200 2205 "-" "Mozilla/5.0 (Macintosh; Intel Mac OS X 10_6_8) AppleWebKit/535.19 (KHTML, like Gecko) Chrome/18.0.1025.11 Safari/535.19"
66.249.69.3 - - [15/Apr/2016:03:51:12 -0600] "GET / HTTP/1.1" 200 2205 "-" "Mozilla/5.0 (compatible; Googlebot/2.1; +http://www.google.com/bot.html)"
66.249.91.2 - - [15/Apr/2016:04:34:05 -0600] "GET /apple-app-site-association HTTP/1.1" 404 5565 "-" "Mozilla/5.0 (iPhone; CPU iPhone OS 9_1 like Mac OS X) AppleWebKit/601.1.46 (KHTML, like Gecko) Version/9.0 Mobile/13B143 Safari/601.1 (compatible; AdsBot-Google-Mobile; +http://www.google.com/mobile/adsbot.html)"
66.249.69.115 - - [15/Apr/2016:06:00:54 -0600] "GET / HTTP/1.1" 200 2205 "-" "Mozilla/5.0 (compatible; Googlebot/2.1; +http://www.google.com/bot.html)"
66.249.69.3 - - [15/Apr/2016:08:23:33 -0600] "GET / HTTP/1.1" 200 2205 "-" "Mozilla/5.0 (compatible; Googlebot/2.1; +http://www.google.com/bot.html)"
66.249.69.115 - - [15/Apr/2016:14:17:11 -0600] "GET /robots.txt HTTP/1.1" 404 1322 "-" "Mozilla/5.0 (compatible; Googlebot/2.1; +http://www.google.com/bot.html)"
66.249.69.115 - - [15/Apr/2016:14:17:13 -0600] "GET /?mode=reco&ss=b3889237a3969129c64d0b3d75989cf6&cc=z4y%2FEE23m01RMQOWOVFDOROGlUzB%2Bstgp%2Beft4UdnQJON4HTjJvAAnSd5tXd%2F%2FWAgwVReJ%2BuMEU%3D&cn=29a925b84c6a2e76d73828fc1bbb1e42 HTTP/1.1" 200 2358 "-" "DoCoMo/2.0 N905i(c100;TB;W24H16) (compatible; Googlebot-Mobile/2.1; +http://www.google.com/bot.html)"
66.249.69.126 - - [15/Apr/2016:14:31:15 -0600] "GET /?prid=26952413&ss=b390b1f7b7f200f564ac6c50ef24e935&cn=c8c67e3a4f93743fdb6eb05db15ebb1a HTTP/1.1" 200 2279 "-" "DoCoMo/2.0 N905i(c100;TB;W24H16) (compatible; Googlebot-Mobile/2.1; +http://www.google.com/bot.html)"
111.13.102.138 - - [15/Apr/2016:17:14:47 -0600] "GET /robots.txt HTTP/1.1" 404 1322 "-" "Mozilla/5.0 (compatible; Baiduspider/2.0; +http://www.baidu.com/search/spider.html)"
66.249.69.2 - - [15/Apr/2016:17:36:01 -0600] "GET /robots.txt HTTP/1.1" 200 5513 "-" "Mozilla/5.0 (compatible; Googlebot/2.1; +http://www.google.com/bot.html)"
66.249.91.2 - - [15/Apr/2016:17:36:02 -0600] "GET /apple-app-site-association HTTP/1.1" 404 5565 "-" "Mozilla/5.0 (iPhone; CPU iPhone OS 9_1 like Mac OS X) AppleWebKit/601.1.46 (KHTML, like Gecko) Version/9.0 Mobile/13B143 Safari/601.1 (compatible; AdsBot-Google-Mobile; +http://www.google.com/mobile/adsbot.html)"
66.249.69.126 - - [15/Apr/2016:19:24:37 -0600] "GET / HTTP/1.1" 200 2205 "-" "Mozilla/5.0 (compatible; Googlebot/2.1; +http://www.google.com/bot.html)"
72.37.129.167 - - [15/Apr/2016:19:56:01 -0600] "GET / HTTP/1.1" 200 247 "-" "Mozilla/5.0 (Macintosh; Intel Mac OS X 10.10; rv:45.0) Gecko/20100101 Firefox/45.0"
72.37.129.167 - - [15/Apr/2016:19:56:02 -0600] "GET /favicon.ico HTTP/1.1" 200 408 "-" "Mozilla/5.0 (Macintosh; Intel Mac OS X 10.10; rv:45.0) Gecko/20100101 Firefox/45.0"
54.183.106.233 - - [15/Apr/2016:20:17:46 -0600] "GET /wp-login.php HTTP/1.1" 404 2664 "-" "Mozilla/5.0 (Windows NT 6.1; rv:31.0) Gecko/20100101 Firefox/31.0"
54.183.106.233 - - [15/Apr/2016:20:17:47 -0600] "GET /administrator/ HTTP/1.1" 404 2653 "-" "Mozilla/5.0 (Windows NT 6.1; rv:31.0) Gecko/20100101 Firefox/31.0"
180.76.15.18 - - [16/Apr/2016:00:00:58 -0600] "GET / HTTP/1.1" 200 247 "-" "Mozilla/5.0 (compatible; Baiduspider/2.0; +http://www.baidu.com/search/spider.html)"
123.125.71.110 - - [16/Apr/2016:03:24:49 -0600] "GET / HTTP/1.1" 200 247 "-" "Mozilla/5.0 (compatible; Baiduspider/2.0; +http://www.baidu.com/search/spider.html)"
66.249.69.4 - - [16/Apr/2016:04:50:29 -0600] "GET /robots.txt HTTP/1.1" 404 1322 "-" "Mozilla/5.0 (compatible; Googlebot/2.1; +http://www.google.com/bot.html)"
66.249.69.123 - - [16/Apr/2016:04:50:29 -0600] "GET / HTTP/1.1" 200 247 "-" "Mozilla/5.0 (compatible; Googlebot/2.1; +http://www.google.com/bot.html)"
207.46.13.100 - - [16/Apr/2016:08:40:28 -0600] "GET /robots.txt HTTP/1.1" 404 2664 "-" "Mozilla/5.0 (compatible; bingbot/2.0; +http://www.bing.com/bingbot.htm)"
207.46.13.100 - - [16/Apr/2016:08:40:35 -0600] "GET / HTTP/1.1" 200 247 "-" "Mozilla/5.0 (compatible; bingbot/2.0; +http://www.bing.com/bingbot.htm)"
157.55.39.15 - - [16/Apr/2016:08:48:18 -0600] "GET /?pid=27074987 HTTP/1.1" 200 247 "-" "Mozilla/5.0 (compatible; bingbot/2.0; +http://www.bing.com/bingbot.htm)"
66.249.69.3 - - [16/Apr/2016:11:02:44 -0600] "GET /robots.txt HTTP/1.1" 404 1322 "-" "Mozilla/5.0 (compatible; Googlebot/2.1; +http://www.google.com/bot.html)"
66.249.69.126 - - [16/Apr/2016:11:02:55 -0600] "GET / HTTP/1.1" 200 247 "-" "Mozilla/5.0 (compatible; Googlebot/2.1; +http://www.google.com/bot.html)"
66.249.69.115 - - [16/Apr/2016:14:40:27 -0600] "GET /?mode=members&ss=8a7d4035b3dc7e5d0ed07daf00e9081b&cc=S9g8ccone%2BYBtSEcwIxQkDefHiT7mCXCPCy7kXcMf7t7CJO1fhGUzPV81iSXrOX8MJ18Iw4cXZA%3D&cn=16d980c073652a9a04521924a67cb24d HTTP/1.1" 200 247 "-" "SAMSUNG-SGH-E250/1.0 Profile/MIDP-2.0 Configuration/CLDC-1.1 UP.Browser/6.2.3.3.c.1.101 (GUI) MMP/2.0 (compatible; Googlebot-Mobile/2.1; +http://www.google.com/bot.html)"
66.249.69.3 - - [16/Apr/2016:14:58:18 -0600] "GET /?mode=clst&ss=831dcc87128f1f0278b434f98a4e9398&cc=GVwk1Ob9d1w4i6ymctWPFCUh4HYyUzsc4tcx51%2FmEzYTsfdrjhRzzvV81iSXrOX80il5GeXqnQw%3D&cn=5b29482e6ae2f695e2eb3fb59e39fd17 HTTP/1.1" 200 247 "-" "SAMSUNG-SGH-E250/1.0 Profile/MIDP-2.0 Configuration/CLDC-1.1 UP.Browser/6.2.3.3.c.1.101 (GUI) MMP/2.0 (compatible; Googlebot-Mobile/2.1; +http://www.google.com/bot.html)"
66.249.69.123 - - [16/Apr/2016:18:33:52 -0600] "GET /robots.txt HTTP/1.1" 200 5513 "-" "Mozilla/5.0 (compatible; Googlebot/2.1; +http://www.google.com/bot.html)"
66.249.91.63 - - [16/Apr/2016:18:33:52 -0600] "GET /apple-app-site-association HTTP/1.1" 404 5565 "-" "Mozilla/5.0 (iPhone; CPU iPhone OS 9_1 like Mac OS X) AppleWebKit/601.1.46 (KHTML, like Gecko) Version/9.0 Mobile/13B143 Safari/601.1 (compatible; AdsBot-Google-Mobile; +http://www.google.com/mobile/adsbot.html)"
66.249.69.115 - - [16/Apr/2016:20:04:31 -0600] "GET / HTTP/1.1" 200 247 "-" "Mozilla/5.0 (iPhone; CPU iPhone OS 8_3 like Mac OS X) AppleWebKit/600.1.4 (KHTML, like Gecko) Version/8.0 Mobile/12F70 Safari/600.1.4 (compatible; Googlebot/2.1; +http://www.google.com/bot.html)"
180.76.15.146 - - [17/Apr/2016:03:26:17 -0600] "GET / HTTP/1.1" 200 247 "-" "Mozilla/5.0 (compatible; Baiduspider/2.0; +http://www.baidu.com/search/spider.html)"
220.181.108.141 - - [17/Apr/2016:11:22:54 -0600] "GET / HTTP/1.1" 200 247 "-" "Mozilla/5.0 (compatible; Baiduspider/2.0; +http://www.baidu.com/search/spider.html)"
192.99.150.120 - - [17/Apr/2016:12:07:51 -0600] "GET / HTTP/1.1" 200 247 "-" "Mozilla/5.0 (X11; Linux x86_64; rv:28.0) Gecko/20100101  Firefox/28.0"
198.101.238.203 - - [17/Apr/2016:12:17:35 -0600] "GET / HTTP/1.1" 200 247 "-" "Mozilla/5.0 (Windows NT 6.1; WOW64) AppleWebKit/534.24 (KHTML, like Gecko) Chrome/11.0.696.71 Safari/534.24"
192.237.216.89 - - [17/Apr/2016:13:13:28 -0600] "GET / HTTP/1.1" 200 247 "-" "Mozilla/5.0 (Windows NT 6.1; WOW64) AppleWebKit/534.24 (KHTML, like Gecko) Chrome/11.0.696.71 Safari/534.24"
66.249.69.3 - - [17/Apr/2016:22:53:46 -0600] "GET /robots.txt HTTP/1.1" 404 1322 "-" "Mozilla/5.0 (compatible; Googlebot/2.1; +http://www.google.com/bot.html)"
66.249.69.115 - - [17/Apr/2016:22:53:50 -0600] "GET /?pid=26997866 HTTP/1.1" 200 247 "-" "Mozilla/5.0 (compatible; Googlebot/2.1; +http://www.google.com/bot.html)"
157.55.39.36 - - [17/Apr/2016:23:40:03 -0600] "GET /robots.txt HTTP/1.1" 404 2664 "-" "Mozilla/5.0 (compatible; bingbot/2.0; +http://www.bing.com/bingbot.htm)"
157.55.39.36 - - [17/Apr/2016:23:40:04 -0600] "GET / HTTP/1.1" 200 247 "-" "Mozilla/5.0 (compatible; bingbot/2.0; +http://www.bing.com/bingbot.htm)"
66.249.69.123 - - [18/Apr/2016:00:19:56 -0600] "GET /robots.txt HTTP/1.1" 404 1322 "-" "Mozilla/5.0 (compatible; Googlebot/2.1; +http://www.google.com/bot.html)"
66.249.69.123 - - [18/Apr/2016:00:19:58 -0600] "GET / HTTP/1.1" 200 247 "-" "Mozilla/5.0 (compatible; Googlebot/2.1; +http://www.google.com/bot.html)"
66.249.69.3 - - [18/Apr/2016:05:10:39 -0600] "GET / HTTP/1.1" 200 247 "-" "Mozilla/5.0 (compatible; Googlebot/2.1; +http://www.google.com/bot.html)"
50.251.16.65 - - [18/Apr/2016:10:30:46 -0600] "GET /wp-login.php HTTP/1.1" 404 2664 "-" "Mozilla/5.0 (Windows NT 6.1; rv:31.0) Gecko/20100101 Firefox/31.0"
50.251.16.65 - - [18/Apr/2016:10:30:46 -0600] "GET /administrator/ HTTP/1.1" 404 2664 "-" "Mozilla/5.0 (Windows NT 6.1; rv:31.0) Gecko/20100101 Firefox/31.0"
66.249.79.16 - - [18/Apr/2016:11:09:05 -0600] "GET / HTTP/1.1" 200 247 "-" "Mozilla/5.0 (iPhone; CPU iPhone OS 8_3 like Mac OS X) AppleWebKit/600.1.4 (KHTML, like Gecko) Version/8.0 Mobile/12F70 Safari/600.1.4 (compatible; Googlebot/2.1; +http://www.google.com/bot.html)"
66.249.79.162 - - [18/Apr/2016:13:02:53 -0600] "GET /robots.txt HTTP/1.1" 404 1322 "-" "Mozilla/5.0 (compatible; Googlebot/2.1; +http://www.google.com/bot.html)"
66.249.79.162 - - [18/Apr/2016:13:02:53 -0600] "GET /?pid=30244327 HTTP/1.1" 200 247 "-" "Mozilla/5.0 (compatible; Googlebot/2.1; +http://www.google.com/bot.html)"
66.249.79.148 - - [18/Apr/2016:14:34:59 -0600] "GET /?mode=cate&cbid=949434&csid=1&ss=b3889237a3969129c64d0b3d75989cf6&cc=z4y%2FEE23m01RMQOWOVFDOROGlUzB%2Bstgp%2Beft4UdnQJON4HTjJvAAnSd5tXd%2F%2FWAgwVReJ%2BuMEU%3D&cn=29a925b84c6a2e76d73828fc1bbb1e42 HTTP/1.1" 200 247 "-" "DoCoMo/2.0 N905i(c100;TB;W24H16) (compatible; Googlebot-Mobile/2.1; +http://www.google.com/bot.html)"
220.181.108.84 - - [18/Apr/2016:15:12:12 -0600] "GET / HTTP/1.1" 200 247 "-" "Mozilla/5.0 (compatible; Baiduspider/2.0; +http://www.baidu.com/search/spider.html)"
220.181.108.183 - - [19/Apr/2016:00:10:44 -0600] "GET / HTTP/1.1" 200 247 "-" "Mozilla/5.0 (compatible; Baiduspider/2.0; +http://www.baidu.com/search/spider.html)"
80.14.151.35 - - [19/Apr/2016:00:13:16 -0600] "GET / HTTP/1.1" 200 247 "-" "Mozilla/5.0 (Windows NT) AppleWebKit/534.20 (KHTML, like Gecko) Chrome/11.0.672.2 Safari/534.20"
150.70.173.10 - - [19/Apr/2016:00:14:24 -0600] "GET / HTTP/1.1" 200 222 "-" "Mozilla/4.0 (compatible; MSIE 8.0; Windows NT 5.1; Trident/4.0)"
66.249.79.19 - - [19/Apr/2016:04:50:32 -0600] "GET /robots.txt HTTP/1.1" 404 1322 "-" "Mozilla/5.0 (compatible; Googlebot/2.1; +http://www.google.com/bot.html)"
66.249.79.19 - - [19/Apr/2016:04:50:32 -0600] "GET / HTTP/1.1" 200 247 "-" "Mozilla/5.0 (compatible; Googlebot/2.1; +http://www.google.com/bot.html)"
180.76.15.140 - - [19/Apr/2016:13:04:06 -0600] "GET /robots.txt HTTP/1.1" 404 1322 "-" "Mozilla/5.0 (Windows NT 5.1; rv:6.0.2) Gecko/20100101 Firefox/6.0.2"
180.76.15.18 - - [19/Apr/2016:13:04:44 -0600] "GET / HTTP/1.1" 200 247 "-" "Mozilla/5.0 (compatible; Baiduspider/2.0; +http://www.baidu.com/search/spider.html)"
66.249.79.148 - - [19/Apr/2016:14:01:52 -0600] "GET /robots.txt HTTP/1.1" 404 1322 "-" "Mozilla/5.0 (compatible; Googlebot/2.1; +http://www.google.com/bot.html)"
66.249.79.155 - - [19/Apr/2016:14:01:53 -0600] "GET /?mode=myaccount&ss=e9afae4eb4ada316ab970079a8c235c9&cc=yTyaFbhO67%2BhivHJgpwJZa2NuYCF1q5GR95kVd4T91COpiNsjgdqh3HToWNEoH55e8pVuR0mP8E%3D&cn=3f654a505de0533531f5be548cfaf21a HTTP/1.1" 200 247 "-" "DoCoMo/2.0 N905i(c100;TB;W24H16) (compatible; Googlebot-Mobile/2.1; +http://www.google.com/bot.html)"
66.249.79.148 - - [19/Apr/2016:14:14:18 -0600] "GET /?mode=cate&cbid=946734&csid=0&ss=e9afae4eb4ada316ab970079a8c235c9&cc=yTyaFbhO67%2BhivHJgpwJZa2NuYCF1q5GR95kVd4T91COpiNsjgdqh3HToWNEoH55e8pVuR0mP8E%3D&cn=3f654a505de0533531f5be548cfaf21a HTTP/1.1" 200 247 "-" "DoCoMo/2.0 N905i(c100;TB;W24H16) (compatible; Googlebot-Mobile/2.1; +http://www.google.com/bot.html)"
66.249.79.148 - - [19/Apr/2016:14:27:42 -0600] "GET /?ss=768198b06e2eae45d9f2b4784da7c6b4&cn=1b6ce6df17629266fb7ad79db98b0498 HTTP/1.1" 200 247 "-" "DoCoMo/2.0 N905i(c100;TB;W24H16) (compatible; Googlebot-Mobile/2.1; +http://www.google.com/bot.html)"
66.249.79.162 - - [19/Apr/2016:18:09:42 -0600] "GET / HTTP/1.1" 200 247 "-" "Mozilla/5.0 (compatible; Googlebot/2.1; +http://www.google.com/bot.html)"
66.249.79.162 - - [19/Apr/2016:22:32:14 -0600] "GET /?mode=cate&cbid=946269&csid=0&sort=p HTTP/1.1" 200 247 "-" "Mozilla/5.0 (compatible; Googlebot/2.1; +http://www.google.com/bot.html)"
66.249.79.155 - - [19/Apr/2016:22:32:39 -0600] "GET /?pid=27078664 HTTP/1.1" 200 247 "-" "Mozilla/5.0 (compatible; Googlebot/2.1; +http://www.google.com/bot.html)"
52.39.93.30 - - [19/Apr/2016:23:26:14 -0600] "GET / HTTP/1.1" 200 247 "-" "WWW-Mechanize/1.73"
66.249.79.155 - - [20/Apr/2016:04:06:09 -0600] "GET /robots.txt HTTP/1.1" 404 1322 "-" "Mozilla/5.0 (compatible; Googlebot/2.1; +http://www.google.com/bot.html)"
66.249.79.162 - - [20/Apr/2016:04:06:09 -0600] "GET /?pid=27195848 HTTP/1.1" 200 247 "-" "Mozilla/5.0 (compatible; Googlebot/2.1; +http://www.google.com/bot.html)"
13.92.235.249 - - [20/Apr/2016:08:46:03 -0600] "GET / HTTP/1.1" 200 247 "-" "python-requests/2.7.0 CPython/2.7.6 Windows/2008ServerR2"
66.249.69.164 - - [20/Apr/2016:10:30:58 -0600] "GET /?pid=26997866 HTTP/1.1" 200 247 "-" "Mozilla/5.0 (compatible; Googlebot/2.1; +http://www.google.com/bot.html)"
72.37.129.167 - - [20/Apr/2016:17:11:56 -0600] "GET / HTTP/1.1" 200 247 "-" "Mozilla/5.0 (Macintosh; Intel Mac OS X 10.10; rv:45.0) Gecko/20100101 Firefox/45.0"
72.37.129.167 - - [20/Apr/2016:17:11:57 -0600] "GET /favicon.ico HTTP/1.1" 200 408 "-" "Mozilla/5.0 (Macintosh; Intel Mac OS X 10.10; rv:45.0) Gecko/20100101 Firefox/45.0"
72.37.129.167 - - [20/Apr/2016:17:15:06 -0600] "GET /update.php HTTP/1.1" 200 238 "-" "Mozilla/5.0 (Macintosh; Intel Mac OS X 10.10; rv:45.0) Gecko/20100101 Firefox/45.0"
72.37.129.167 - - [20/Apr/2016:17:17:31 -0600] "GET / HTTP/1.1" 200 222 "-" "curl/7.43.0"
72.37.129.167 - - [20/Apr/2016:17:17:39 -0600] "GET /update.php HTTP/1.1" 200 213 "-" "curl/7.43.0"
72.37.129.167 - - [20/Apr/2016:17:19:02 -0600] "GET /update.php HTTP/1.1" 200 213 "-" "curl/7.43.0"
72.37.129.167 - - [20/Apr/2016:17:19:26 -0600] "GET /update.php HTTP/1.1" 200 213 "-" "curl/7.43.0"
72.37.129.167 - - [20/Apr/2016:17:19:38 -0600] "GET /update.php HTTP/1.1" 200 213 "-" "curl/7.43.0"
72.37.129.167 - - [20/Apr/2016:17:19:46 -0600] "GET /update.php HTTP/1.1" 200 213 "-" "curl/7.43.0"
72.37.129.167 - - [20/Apr/2016:17:19:59 -0600] "GET /update.php HTTP/1.1" 200 213 "-" "curl/7.43.0"
72.37.129.167 - - [20/Apr/2016:17:20:04 -0600] "GET /update.php HTTP/1.1" 200 213 "-" "curl/7.43.0"
72.37.129.167 - - [20/Apr/2016:17:20:36 -0600] "GET /update.php HTTP/1.1" 200 213 "-" "curl/7.43.0"
72.37.129.167 - - [20/Apr/2016:17:21:27 -0600] "GET /update.php HTTP/1.1" 200 213 "-" "curl/7.43.0"
72.37.129.167 - - [20/Apr/2016:17:21:30 -0600] "GET /update.php HTTP/1.1" 200 213 "-" "curl/7.43.0"
72.37.129.167 - - [20/Apr/2016:17:21:42 -0600] "GET /update.php HTTP/1.1" 200 213 "-" "curl/7.43.0"
72.37.129.167 - - [20/Apr/2016:17:21:55 -0600] "GET /update.php HTTP/1.1" 200 213 "-" "curl/7.43.0"
72.37.129.167 - - [20/Apr/2016:17:23:12 -0600] "GET /update.php HTTP/1.1" 200 213 "-" "curl/7.43.0"
72.37.129.167 - - [20/Apr/2016:17:23:24 -0600] "GET /update.php HTTP/1.1" 200 213 "-" "curl/7.43.0"
72.37.129.167 - - [20/Apr/2016:17:23:58 -0600] "GET /update.php HTTP/1.1" 200 213 "-" "curl/7.43.0"
72.37.129.167 - - [20/Apr/2016:17:24:00 -0600] "GET /update.php HTTP/1.1" 200 213 "-" "curl/7.43.0"
72.37.129.167 - - [20/Apr/2016:17:24:01 -0600] "GET /update.php HTTP/1.1" 200 213 "-" "curl/7.43.0"
72.37.129.167 - - [20/Apr/2016:17:26:00 -0600] "GET /update.php HTTP/1.1" 200 213 "-" "curl/7.43.0"
72.37.129.167 - - [20/Apr/2016:17:26:09 -0600] "GET /update.php HTTP/1.1" 200 213 "-" "curl/7.43.0"
72.37.129.167 - - [20/Apr/2016:17:26:11 -0600] "GET /update.php HTTP/1.1" 200 213 "-" "curl/7.43.0"
72.37.129.167 - - [20/Apr/2016:17:26:12 -0600] "GET /update.php HTTP/1.1" 200 213 "-" "curl/7.43.0"
72.37.129.167 - - [20/Apr/2016:17:26:13 -0600] "GET /update.php HTTP/1.1" 200 213 "-" "curl/7.43.0"
72.37.129.167 - - [20/Apr/2016:17:31:35 -0600] "GET /update.php HTTP/1.1" 200 213 "-" "curl/7.43.0"
72.37.129.167 - - [20/Apr/2016:17:32:06 -0600] "GET /update.php HTTP/1.1" 200 213 "-" "curl/7.43.0"
72.37.129.167 - - [20/Apr/2016:17:32:16 -0600] "GET /update.php HTTP/1.1" 200 213 "-" "curl/7.43.0"
72.37.129.167 - - [20/Apr/2016:17:32:40 -0600] "GET /update.php HTTP/1.1" 200 213 "-" "curl/7.43.0"
72.37.129.167 - - [20/Apr/2016:17:32:51 -0600] "GET /update.php HTTP/1.1" 200 213 "-" "curl/7.43.0"
72.37.129.167 - - [20/Apr/2016:17:34:26 -0600] "GET /update.php HTTP/1.1" 200 213 "-" "curl/7.43.0"
72.37.129.167 - - [20/Apr/2016:17:34:31 -0600] "GET /update.php HTTP/1.1" 200 213 "-" "curl/7.43.0"
72.37.129.167 - - [20/Apr/2016:17:35:27 -0600] "GET /update.php HTTP/1.1" 200 213 "-" "curl/7.43.0"
72.37.129.167 - - [20/Apr/2016:17:35:37 -0600] "GET /update.php HTTP/1.1" 200 213 "-" "curl/7.43.0"
72.37.129.167 - - [20/Apr/2016:17:35:47 -0600] "GET /update.php HTTP/1.1" 200 213 "-" "curl/7.43.0"
72.37.129.167 - - [20/Apr/2016:17:36:01 -0600] "GET /update.php HTTP/1.1" 200 213 "-" "curl/7.43.0"
72.37.129.167 - - [20/Apr/2016:17:38:26 -0600] "GET /update.php HTTP/1.1" 200 213 "-" "curl/7.43.0"
72.37.129.167 - - [20/Apr/2016:17:38:26 -0600] "GET /update.php HTTP/1.1" 200 213 "-" "curl/7.43.0"
72.37.129.167 - - [20/Apr/2016:17:38:27 -0600] "GET /update.php HTTP/1.1" 200 213 "-" "curl/7.43.0"
72.37.129.167 - - [20/Apr/2016:17:38:27 -0600] "GET /update.php HTTP/1.1" 200 213 "-" "curl/7.43.0"
72.37.129.167 - - [20/Apr/2016:17:38:27 -0600] "GET /update.php HTTP/1.1" 200 213 "-" "curl/7.43.0"
72.37.129.167 - - [20/Apr/2016:17:38:28 -0600] "GET /update.php HTTP/1.1" 200 213 "-" "curl/7.43.0"
72.37.129.167 - - [20/Apr/2016:17:38:28 -0600] "GET /update.php HTTP/1.1" 200 213 "-" "curl/7.43.0"
72.37.129.167 - - [20/Apr/2016:17:38:28 -0600] "GET /update.php HTTP/1.1" 200 213 "-" "curl/7.43.0"
72.37.129.167 - - [20/Apr/2016:17:38:28 -0600] "GET /update.php HTTP/1.1" 200 213 "-" "curl/7.43.0"
72.37.129.167 - - [20/Apr/2016:17:38:29 -0600] "GET /update.php HTTP/1.1" 200 213 "-" "curl/7.43.0"
72.37.129.167 - - [20/Apr/2016:17:38:29 -0600] "GET /update.php HTTP/1.1" 200 213 "-" "curl/7.43.0"
72.37.129.167 - - [20/Apr/2016:17:38:29 -0600] "GET /update.php HTTP/1.1" 200 213 "-" "curl/7.43.0"
72.37.129.167 - - [20/Apr/2016:17:38:29 -0600] "GET /update.php HTTP/1.1" 200 213 "-" "curl/7.43.0"
